// Vitest Snapshot v1, https://vitest.dev/guide/snapshot.html

exports[`Button > renders > primary 1`] = `"<div id="test-wrapper"><button data-v-b534b83e="" type="button" class="primary">Primary Button</button></div>"`;

exports[`Button > renders > primary 2`] = `"<div id="test-wrapper"><button data-v-b534b83e="" type="button" class="secondary">Secondary Button</button></div>"`;
