// Vitest Snapshot v1, https://vitest.dev/guide/snapshot.html

exports[`Headerlogo > renders 1`] = `
{
  "baseElement": <body>
    <div
      data-v-app=""
      id="__nuxt"
    >
      <!---->
    </div>
    <div>
      <div
        id="test-wrapper"
      >
        
        <!-- eslint-disable-line @intlify/vue-i18n/no-raw-text -->
         Logo - ocelot + Subtitle SaaS 
        <img
          alt="Ocelot Hosting Logo"
          class="h-8"
          src="https://flowbite.com/docs/images/logo.svg"
        />
        <span
          class="self-center text-2xl font-semibold whitespace-nowrap dark:text-white"
        >
          Ocelot Hosting
        </span>
        
      </div>
    </div>
  </body>,
  "container": <div>
    <div
      id="test-wrapper"
    >
      
      <!-- eslint-disable-line @intlify/vue-i18n/no-raw-text -->
       Logo - ocelot + Subtitle SaaS 
      <img
        alt="Ocelot Hosting Logo"
        class="h-8"
        src="https://flowbite.com/docs/images/logo.svg"
      />
      <span
        class="self-center text-2xl font-semibold whitespace-nowrap dark:text-white"
      >
        Ocelot Hosting
      </span>
      
    </div>
  </div>,
  "debug": [Function],
  "emitted": [Function],
  "findAllByAltText": [Function],
  "findAllByDisplayValue": [Function],
  "findAllByLabelText": [Function],
  "findAllByPlaceholderText": [Function],
  "findAllByRole": [Function],
  "findAllByTestId": [Function],
  "findAllByText": [Function],
  "findAllByTitle": [Function],
  "findByAltText": [Function],
  "findByDisplayValue": [Function],
  "findByLabelText": [Function],
  "findByPlaceholderText": [Function],
  "findByRole": [Function],
  "findByTestId": [Function],
  "findByText": [Function],
  "findByTitle": [Function],
  "getAllByAltText": [Function],
  "getAllByDisplayValue": [Function],
  "getAllByLabelText": [Function],
  "getAllByPlaceholderText": [Function],
  "getAllByRole": [Function],
  "getAllByTestId": [Function],
  "getAllByText": [Function],
  "getAllByTitle": [Function],
  "getByAltText": [Function],
  "getByDisplayValue": [Function],
  "getByLabelText": [Function],
  "getByPlaceholderText": [Function],
  "getByRole": [Function],
  "getByTestId": [Function],
  "getByText": [Function],
  "getByTitle": [Function],
  "html": [Function],
  "queryAllByAltText": [Function],
  "queryAllByDisplayValue": [Function],
  "queryAllByLabelText": [Function],
  "queryAllByPlaceholderText": [Function],
  "queryAllByRole": [Function],
  "queryAllByTestId": [Function],
  "queryAllByText": [Function],
  "queryAllByTitle": [Function],
  "queryByAltText": [Function],
  "queryByDisplayValue": [Function],
  "queryByLabelText": [Function],
  "queryByPlaceholderText": [Function],
  "queryByRole": [Function],
  "queryByTestId": [Function],
  "queryByText": [Function],
  "queryByTitle": [Function],
  "rerender": [Function],
  "setupState": undefined,
  "unmount": [Function],
}
`;
