// Vitest Snapshot v1, https://vitest.dev/guide/snapshot.html

exports[`Testimonial > renders 1`] = `
"<div id="test-wrapper">
  <figure data-v-63dfa6cb="">
    <blockquote data-v-63dfa6cb="">
      <p data-v-63dfa6cb=""></p>
    </blockquote>
    <figcaption data-v-63dfa6cb=""><img data-v-63dfa6cb="" alt="profile picture">
      <div data-v-63dfa6cb="" class="person">
        <div data-v-63dfa6cb="" class="name"></div>
        <div data-v-63dfa6cb="" class="position"></div>
      </div>
    </figcaption>
  </figure>
</div>"
`;
