// Vitest Snapshot v1, https://vitest.dev/guide/snapshot.html

exports[`Testimonial > renders 1`] = `
"<div id="test-wrapper">
  <figure data-v-63dfa6cb=""><svg data-v-63dfa6cb="" class="quote-icon" viewBox="0 0 24 27" fill="none" xmlns="http://www.w3.org/2000/svg">
      <path data-v-63dfa6cb="" d="M14.017 18L14.017 10.609C14.017 4.905 17.748 1.039 23 0L23.995 2.151C21.563 3.068 20 5.789 20 8H24V18H14.017ZM0 18V10.609C0 4.905 3.748 1.038 9 0L9.996 2.151C7.563 3.068 6 5.789 6 8H9.983L9.983 18L0 18Z" fill="currentColor"></path>
    </svg>
    <blockquote data-v-63dfa6cb="">
      <p data-v-63dfa6cb="">test-quote</p>
    </blockquote>
    <figcaption data-v-63dfa6cb=""><img data-v-63dfa6cb="" width="48" height="48" alt="profile picture" data-nuxt-img="" srcset="/_ipx/s_48x48/test-image 1x, /_ipx/s_96x96/test-image 2x" src="/_ipx/s_48x48/test-image">
      <div data-v-63dfa6cb="" class="person">
        <div data-v-63dfa6cb="" class="name">test-name</div>
        <div data-v-63dfa6cb="" class="position">test-postion</div>
      </div>
    </figcaption>
  </figure>
</div>"
`;
