// Vitest Snapshot v1, https://vitest.dev/guide/snapshot.html

exports[`Page: Index > renders 1`] = `
"<div id="test-wrapper">
  <div data-v-02281a80="">
    <section data-v-02281a80="" id="home" class="mx-auto flex flex-col justify-center items-center text-5xl">
      <div class="md:container md:mx-auto">
        <div data-v-02281a80="" class="grid grid-cols-2 gap-4">
          <div data-v-02281a80="" class="p-10 pl-0">
            <h1 data-v-02281a80="">Your personal Social-Media Plattform</h1>
            <p data-v-02281a80="">Connect with your customers interactively. Share your content, build and engage with your community.</p>
            <div data-v-02281a80=""><a data-v-02281a80="" href="/#try"><button data-v-b534b83e="" data-v-02281a80="" type="button" class="primary">Try now</button></a><a data-v-02281a80="" href="/try#demo"><button data-v-b534b83e="" data-v-02281a80="" type="button" class="secondary">Book a personal Demo</button></a></div>
          </div>
          <div data-v-02281a80=""><img data-v-02281a80="" src="assets/newsfeed.png"></div>
        </div>
      </div>
    </section>
    <section data-v-02281a80="" id="features" class="mx-auto flex flex-col justify-center items-center text-5xl">
      <div class="md:container md:mx-auto">
        <h2 data-v-02281a80="">Features</h2>
        <p data-v-02281a80="">The Ocelot.social platform offers the following features</p>
        <div data-v-02281a80="" class="grid grid-cols-2 gap-4">
          <div data-v-ac935759="" data-v-02281a80="" class="feature"><img data-v-ac935759="" src="assets/newsfeed.png" alt="">
            <!--v-if-->
            <div data-v-ac935759="" class="content">
              <h3 data-v-ac935759="">Newsfeed</h3>
              <p data-v-ac935759="">See whats happening in your community</p>
            </div>
          </div>
          <div data-v-ac935759="" data-v-02281a80="" class="feature"><img data-v-ac935759="" src="assets/chat.png" alt="">
            <!--v-if-->
            <div data-v-ac935759="" class="content">
              <h3 data-v-ac935759="">Chat</h3>
              <p data-v-ac935759="">Chat with your community</p>
            </div>
          </div>
          <div data-v-ac935759="" data-v-02281a80="" class="feature"><img data-v-ac935759="" src="assets/map.png" alt="">
            <!--v-if-->
            <div data-v-ac935759="" class="content">
              <h3 data-v-ac935759="">Map</h3>
              <p data-v-ac935759="">See where your members are located</p>
            </div>
          </div>
          <div data-v-ac935759="" data-v-02281a80="" class="feature"><img data-v-ac935759="" src="assets/group-profile.png" alt="">
            <!--v-if-->
            <div data-v-ac935759="" class="content">
              <h3 data-v-ac935759="">Groups</h3>
              <p data-v-ac935759="">Organize content and members in Groups</p>
            </div>
          </div>
          <div data-v-ac935759="" data-v-02281a80="" class="feature"><img data-v-ac935759="" src="assets/events.png" alt="">
            <!--v-if-->
            <div data-v-ac935759="" class="content">
              <h3 data-v-ac935759="">Events</h3>
              <p data-v-ac935759="">Schedule events</p>
            </div>
          </div>
          <div data-v-ac935759="" data-v-02281a80="" class="feature"><img data-v-ac935759="" src="assets/post.png" alt="">
            <!--v-if-->
            <div data-v-ac935759="" class="content">
              <h3 data-v-ac935759="">Posts</h3>
              <p data-v-ac935759="">Write to your community</p>
            </div>
          </div>
          <div data-v-ac935759="" data-v-02281a80="" class="feature"><img data-v-ac935759="" src="assets/user-profile.png" alt="">
            <!--v-if-->
            <div data-v-ac935759="" class="content">
              <h3 data-v-ac935759="">Profile</h3>
              <p data-v-ac935759="">Show who you are</p>
            </div>
          </div>
          <div data-v-ac935759="" data-v-02281a80="" class="feature"><img data-v-ac935759="" src="assets/followers.png" alt="">
            <!--v-if-->
            <div data-v-ac935759="" class="content">
              <h3 data-v-ac935759="">Followers</h3>
              <p data-v-ac935759="">Follow users you find interesting</p>
            </div>
          </div>
        </div>
      </div>
    </section>
    <section data-v-02281a80="" id="more" class="mx-auto flex flex-col justify-center items-center text-5xl">
      <div class="md:container md:mx-auto">
        <h2 data-v-02281a80="">More</h2>
        <p data-v-02281a80="">For you as owner the Ocelot.social platform offers even more</p>
        <div data-v-02281a80="" class="grid grid-cols-3 gap-4">
          <div data-v-ac935759="" data-v-02281a80="" class="feature">
            <!--v-if--><span data-v-ac935759="" class="iconify i-flowbite:bell-active-outline" aria-hidden="true"></span>
            <div data-v-ac935759="" class="content">
              <h3 data-v-ac935759="">Notifications</h3>
              <p data-v-ac935759="">Notify Users via Email and in App based on groups and followers</p>
            </div>
          </div>
          <div data-v-ac935759="" data-v-02281a80="" class="feature">
            <!--v-if--><span data-v-ac935759="" class="iconify i-flowbite:rocket-solid" aria-hidden="true"></span>
            <div data-v-ac935759="" class="content">
              <h3 data-v-ac935759="">Promote</h3>
              <p data-v-ac935759="">Promote your content and push it to the top</p>
            </div>
          </div>
          <div data-v-ac935759="" data-v-02281a80="" class="feature">
            <!--v-if--><span data-v-ac935759="" class="iconify i-flowbite:person-chalkboard-solid" aria-hidden="true"></span>
            <div data-v-ac935759="" class="content">
              <h3 data-v-ac935759="">Moderation</h3>
              <p data-v-ac935759="">Moderate content</p>
            </div>
          </div>
          <div data-v-ac935759="" data-v-02281a80="" class="feature">
            <!--v-if--><span data-v-ac935759="" class="iconify i-flowbite:lock-solid" aria-hidden="true"></span>
            <div data-v-ac935759="" class="content">
              <h3 data-v-ac935759="">Invite Modes</h3>
              <p data-v-ac935759="">Public/Invite/Admin-Only</p>
            </div>
          </div>
          <div data-v-ac935759="" data-v-02281a80="" class="feature">
            <!--v-if--><span data-v-ac935759="" class="iconify i-flowbite:heart-outline" aria-hidden="true"></span>
            <div data-v-ac935759="" class="content">
              <h3 data-v-ac935759="">Connect</h3>
              <p data-v-ac935759="">Join group/Follow user on invite</p>
            </div>
          </div>
          <div data-v-ac935759="" data-v-02281a80="" class="feature">
            <!--v-if--><span data-v-ac935759="" class="iconify i-flowbite:badge-check-outline" aria-hidden="true"></span>
            <div data-v-ac935759="" class="content">
              <h3 data-v-ac935759="">Badges</h3>
              <p data-v-ac935759="">Assign badges to your followers</p>
            </div>
          </div>
        </div>
      </div>
    </section>
    <section data-v-02281a80="" id="community" class="mx-auto flex flex-col justify-center items-center text-5xl">
      <div class="md:container md:mx-auto">
        <h2 data-v-02281a80="">Community</h2>
        <p data-v-02281a80="">What the Ocelot-Community has to say</p>
        <div data-v-02281a80="" class="testimonials">
          <figure data-v-63dfa6cb="" data-v-02281a80=""><svg data-v-63dfa6cb="" class="quote-icon" viewBox="0 0 24 27" fill="none" xmlns="http://www.w3.org/2000/svg">
              <path data-v-63dfa6cb="" d="M14.017 18L14.017 10.609C14.017 4.905 17.748 1.039 23 0L23.995 2.151C21.563 3.068 20 5.789 20 8H24V18H14.017ZM0 18V10.609C0 4.905 3.748 1.038 9 0L9.996 2.151C7.563 3.068 6 5.789 6 8H9.983L9.983 18L0 18Z" fill="currentColor"></path>
            </svg>
            <blockquote data-v-63dfa6cb="">
              <p data-v-63dfa6cb="">"Ocelot.social is the solution to operate my tiny private social network."</p>
            </blockquote>
            <figcaption data-v-63dfa6cb=""><img data-v-63dfa6cb="" src="assets/person/ulf.jpg" alt="profile picture">
              <div data-v-63dfa6cb="" class="person">
                <div data-v-63dfa6cb="" class="name">Ulf Gebhardt</div><a data-v-63dfa6cb="" href="https://wir.social" target="_blank" rel="noopener noreferrer" class="position">Operator of wir.social</a>
              </div>
            </figcaption>
          </figure>
          <figure data-v-63dfa6cb="" data-v-02281a80=""><svg data-v-63dfa6cb="" class="quote-icon" viewBox="0 0 24 27" fill="none" xmlns="http://www.w3.org/2000/svg">
              <path data-v-63dfa6cb="" d="M14.017 18L14.017 10.609C14.017 4.905 17.748 1.039 23 0L23.995 2.151C21.563 3.068 20 5.789 20 8H24V18H14.017ZM0 18V10.609C0 4.905 3.748 1.038 9 0L9.996 2.151C7.563 3.068 6 5.789 6 8H9.983L9.983 18L0 18Z" fill="currentColor"></path>
            </svg>
            <blockquote data-v-63dfa6cb="">
              <p data-v-63dfa6cb="">"Ocelot.social is a user-friendly and cost-effective application for running your own social networks. The personal contact with the O-Team and the professional implementation of our ideas was decisive for our choice."</p>
            </blockquote>
            <figcaption data-v-63dfa6cb=""><img data-v-63dfa6cb="" src="assets/person/heimo.jpg" alt="profile picture">
              <div data-v-63dfa6cb="" class="person">
                <div data-v-63dfa6cb="" class="name">Heimo Rauter</div><a data-v-63dfa6cb="" href="https://changemedia.club" target="_blank" rel="noopener noreferrer" class="position">Co-Founder of changemedia</a>
              </div>
            </figcaption>
          </figure>
        </div>
      </div>
    </section>
    <section data-v-02281a80="" id="try" class="mx-auto flex flex-col justify-center items-center text-5xl bg-teal-800 text-white">
      <div class="md:container md:mx-auto">
        <!-- eslint-disable-line @intlify/vue-i18n/no-raw-text --> Text: Try the latest ocelot.social version for free on the staging environment or contact us to start your 14-day trial CTA: Try for free CTA: Book Trial
      </div>
    </section>
    <section data-v-02281a80="" id="pricing" class="mx-auto flex flex-col justify-center items-center text-5xl bg-white">
      <div class="md:container md:mx-auto">
        <!-- eslint-disable-line @intlify/vue-i18n/no-raw-text --> ### Pricing Section text:
      </div>
    </section>
  </div>
</div>"
`;
