// Vitest Snapshot v1, https://vitest.dev/guide/snapshot.html

exports[`Page: Index > renders 1`] = `
"<div id="test-wrapper">
  <div>
    <section id="home" class="mx-auto flex flex-col justify-center items-center text-5xl h-screen pt-15 bg-indigo-300 p-20">
      <div class="md:container md:mx-auto">
        <div class="grid grid-cols-2 gap-4">
          <div class="p-10">
            <h1 class="text-6xl pb-4">Your personal Social-Media Plattform</h1>
            <p class="text-4xl">Connect with your customers interactively. Share your content, build and engage with your community.</p>
            <div><a href="/#try"><button data-v-b534b83e="" type="button" class="primary">Try now</button></a><a href="/try#demo"><button data-v-b534b83e="" type="button" class="secondary">Book a personal Demo</button></a></div>
          </div>
          <div><img src="/@fs/home/dornhoeschen/.data/sources/webcraftmedia/ocelot-hosting/frontend/assets/newsfeed.png"></div>
        </div>
      </div>
    </section>
    <section id="features" class="mx-auto flex flex-col justify-center items-center text-5xl bg-green-300">
      <div class="md:container md:mx-auto">
        <h2>Features</h2>
        <p>The Ocelot.social platform offers the following features</p><!-- eslint-disable-line @intlify/vue-i18n/no-raw-text --> Two column page with features each with a picture and some text. The Image has a hover effect. See: https://spline.design/ <div class="grid grid-cols-2 gap-4">
          <div>Newsfeed: See whats happening in your community</div>
          <div>Chat: Chat with your community</div>
          <div>Map: See where your members are located</div>
          <div>Groups: Organize content and members in Groups</div>
          <div>Events: Schedule events</div>
          <div>Posts: Write to your community</div>
          <div>Profile: Show who you are</div>
          <div>Followers: Follow users you find interesting</div>
        </div>
      </div>
    </section>
    <section id="more" class="mx-auto flex flex-col justify-center items-center text-5xl bg-pink-300">
      <div class="md:container md:mx-auto">
        <h2>More</h2>
        <p>For you as owner the Ocelot.social platform offers even more</p><!-- eslint-disable-line @intlify/vue-i18n/no-raw-text --> The more section does not include images, maybe just icons, but longer descriptions. Here we describe things that are relevant for the administrator/owner <div class="grid grid-cols-2 gap-4">
          <div>Notifications: Notify Users via Email and in App based on groups and followers</div>
          <div>Promote: Promote your content and push it to the top</div>
          <div>Moderation: Moderate content</div>
          <div>Invite Modes: Public/Invite/Admin-Only</div>
          <div>Connect: Join group/Follow user on invite</div>
        </div>
      </div>
    </section>
    <section id="community" class="mx-auto flex flex-col justify-center items-center text-5xl bg-blue-300">
      <div class="md:container md:mx-auto">
        <h2>Community</h2>
        <p>What the Ocelot-Community has to say</p><!-- eslint-disable-line @intlify/vue-i18n/no-raw-text --> testimonials
      </div>
    </section>
    <section id="try" class="mx-auto flex flex-col justify-center items-center text-5xl bg-yellow-300">
      <div class="md:container md:mx-auto">
        <!-- eslint-disable-line @intlify/vue-i18n/no-raw-text --> Text: Try the latest ocelot.social version for free on the staging environment or contact us to start your 14-day trial CTA: Try for free CTA: Book Trial
      </div>
    </section>
    <section id="pricing" class="mx-auto flex flex-col justify-center items-center text-5xl bg-orange-300">
      <div class="md:container md:mx-auto">
        <!-- eslint-disable-line @intlify/vue-i18n/no-raw-text --> ### Pricing Section text:
      </div>
    </section>
  </div>
</div>"
`;
