// Vitest Snapshot v1, https://vitest.dev/guide/snapshot.html

exports[`Page: Pricing > renders 1`] = `
"<div id="test-wrapper">
  <div data-v-f939e921="">
    <section data-v-f939e921="" id="pricing" class="mx-auto flex flex-col justify-center items-center text-5xl">
      <div class="md:container md:mx-auto">
        <h1 data-v-f939e921="">Pricing</h1>
        <p data-v-f939e921="" class="subtitle">Choose the plan that fits your community.</p>
        <div data-v-f939e921="" class="plans">
          <div data-v-f939e921="" class="plan">
            <div data-v-f939e921="" class="plan-header">
              <h3 data-v-f939e921="">Free</h3>
              <div data-v-f939e921="" class="price"><span data-v-f939e921="" class="amount">0 €</span>
                <!--v-if-->
              </div>
              <p data-v-f939e921="" class="description">Test ocelot.social for free on our staging environment.</p>
            </div>
            <ul data-v-f939e921="" class="feature-list">
              <li data-v-f939e921=""><span data-v-f939e921="" class="iconify i-flowbite:check-outline check-icon" aria-hidden="true"></span> Staging access</li>
              <li data-v-f939e921=""><span data-v-f939e921="" class="iconify i-flowbite:check-outline check-icon" aria-hidden="true"></span> All features included</li>
              <li data-v-f939e921=""><span data-v-f939e921="" class="iconify i-flowbite:check-outline check-icon" aria-hidden="true"></span> No commitment</li>
            </ul>
            <div data-v-f939e921="" class="plan-cta"><a data-v-f939e921="" href="/try#try"><button data-v-b534b83e="" data-v-f939e921="" type="button" class="primary">Try now</button></a></div>
          </div>
          <div data-v-f939e921="" class="plan highlighted">
            <div data-v-f939e921="" class="plan-header">
              <h3 data-v-f939e921="">Up to 100 Users</h3>
              <div data-v-f939e921="" class="price"><span data-v-f939e921="" class="amount">100 €</span><span data-v-f939e921="" class="period">/month</span></div>
              <p data-v-f939e921="" class="description">For small communities getting started.</p>
            </div>
            <ul data-v-f939e921="" class="feature-list">
              <li data-v-f939e921=""><span data-v-f939e921="" class="iconify i-flowbite:check-outline check-icon" aria-hidden="true"></span> 14-day free trial</li>
              <li data-v-f939e921=""><span data-v-f939e921="" class="iconify i-flowbite:check-outline check-icon" aria-hidden="true"></span> Up to 100 users</li>
              <li data-v-f939e921=""><span data-v-f939e921="" class="iconify i-flowbite:check-outline check-icon" aria-hidden="true"></span> Email support</li>
              <li data-v-f939e921=""><span data-v-f939e921="" class="iconify i-flowbite:check-outline check-icon" aria-hidden="true"></span> Custom branding</li>
            </ul>
            <div data-v-f939e921="" class="plan-cta"><a data-v-f939e921="" href="/try#demo"><button data-v-b534b83e="" data-v-f939e921="" type="button" class="inverted">Start Trial</button></a></div>
          </div>
          <div data-v-f939e921="" class="plan">
            <div data-v-f939e921="" class="plan-header">
              <h3 data-v-f939e921="">Up to 1000 Users</h3>
              <div data-v-f939e921="" class="price"><span data-v-f939e921="" class="amount">235 €</span><span data-v-f939e921="" class="period">/month</span></div>
              <p data-v-f939e921="" class="description">For growing communities with advanced needs.</p>
            </div>
            <ul data-v-f939e921="" class="feature-list">
              <li data-v-f939e921=""><span data-v-f939e921="" class="iconify i-flowbite:check-outline check-icon" aria-hidden="true"></span> 14-day free trial</li>
              <li data-v-f939e921=""><span data-v-f939e921="" class="iconify i-flowbite:check-outline check-icon" aria-hidden="true"></span> Up to 1000 users</li>
              <li data-v-f939e921=""><span data-v-f939e921="" class="iconify i-flowbite:check-outline check-icon" aria-hidden="true"></span> Priority support</li>
              <li data-v-f939e921=""><span data-v-f939e921="" class="iconify i-flowbite:check-outline check-icon" aria-hidden="true"></span> Custom branding</li>
              <li data-v-f939e921=""><span data-v-f939e921="" class="iconify i-flowbite:check-outline check-icon" aria-hidden="true"></span> Feature development</li>
            </ul>
            <div data-v-f939e921="" class="plan-cta"><a data-v-f939e921="" href="mailto:info@ocelot.social?subject=Pricing Inquiry"><button data-v-b534b83e="" data-v-f939e921="" type="button" class="primary">Contact us</button></a></div>
          </div>
        </div>
      </div>
    </section>
    <section data-v-f939e921="" id="services" class="mx-auto flex flex-col justify-center items-center text-5xl">
      <div class="md:container md:mx-auto">
        <h2 data-v-f939e921="">Additional Services</h2>
        <div data-v-f939e921="" class="services-grid">
          <div data-v-ac935759="" data-v-f939e921="" class="feature feature--icon">
            <!--v-if--><span data-v-ac935759="" class="iconify i-flowbite:palette-outline" aria-hidden="true"></span>
            <div data-v-ac935759="" class="content">
              <h3 data-v-ac935759="">Customization</h3>
              <p data-v-ac935759="">Custom logo, colors and branding to match your identity.</p>
            </div>
          </div>
          <div data-v-ac935759="" data-v-f939e921="" class="feature feature--icon">
            <!--v-if--><span data-v-ac935759="" class="iconify i-flowbite:code-outline" aria-hidden="true"></span>
            <div data-v-ac935759="" class="content">
              <h3 data-v-ac935759="">Feature Development</h3>
              <p data-v-ac935759="">Custom feature development tailored to your community's needs.</p>
            </div>
          </div>
        </div>
      </div>
    </section>
    <section data-v-f939e921="" id="contact" class="mx-auto flex flex-col justify-center items-center text-5xl">
      <div class="md:container md:mx-auto">
        <h2 data-v-f939e921="">Need a custom solution?</h2>
        <p data-v-f939e921="">Get in touch and we'll find the right plan for your community.</p>
        <div data-v-f939e921="" class="cta"><a data-v-f939e921="" href="mailto:info@ocelot.social?subject=Pricing Inquiry"><button data-v-b534b83e="" data-v-f939e921="" type="button" class="inverted">Contact us</button></a></div>
      </div>
    </section>
  </div>
</div>"
`;
